# Exhaustive small-magma enumeration

reference: equational_theories/Generated/All4x4Tables/README.md
  size <= 2   12560783 refutations
  size <= 3   13596121
  size <= 4   13753982

size <= 2:    12560783 refutations   (16 tables, 10 canonical, 2.08ms, 7.68e3 tables/s)
size <= 3:    13596121 refutations   (19683 tables, 3330 canonical, 783.43ms, 2.51e4 tables/s)
  n=4: 0.39% (1026/262144 chunks) elapsed 30s, eta 7635s
  n=4: 0.93% (2446/262144 chunks) elapsed 60s, eta 6371s
  n=4: 1.34% (3501/262144 chunks) elapsed 90s, eta 6650s
  n=4: 1.62% (4239/262144 chunks) elapsed 120s, eta 7302s
  n=4: 1.96% (5142/262144 chunks) elapsed 150s, eta 7498s
  n=4: 2.35% (6149/262144 chunks) elapsed 180s, eta 7495s
  n=4: 2.70% (7073/262144 chunks) elapsed 210s, eta 7574s
  n=4: 3.11% (8148/262144 chunks) elapsed 240s, eta 7483s
  n=4: 3.78% (9911/262144 chunks) elapsed 270s, eta 6873s
  n=4: 4.25% (11153/262144 chunks) elapsed 300s, eta 6752s
  n=4: 4.79% (12544/262144 chunks) elapsed 330s, eta 6567s
  n=4: 5.22% (13673/262144 chunks) elapsed 360s, eta 6543s
  n=4: 5.63% (14760/262144 chunks) elapsed 390s, eta 6538s
  n=4: 6.14% (16102/262144 chunks) elapsed 420s, eta 6419s
  n=4: 6.57% (17218/262144 chunks) elapsed 450s, eta 6402s
  n=4: 7.00% (18360/262144 chunks) elapsed 480s, eta 6374s
  n=4: 7.49% (19640/262144 chunks) elapsed 510s, eta 6298s
  n=4: 8.04% (21067/262144 chunks) elapsed 540s, eta 6180s
  n=4: 8.83% (23149/262144 chunks) elapsed 570s, eta 5886s
  n=4: 9.42% (24705/262144 chunks) elapsed 600s, eta 5767s
  n=4: 9.91% (25987/262144 chunks) elapsed 630s, eta 5726s
  n=4: 10.38% (27219/262144 chunks) elapsed 660s, eta 5697s
  n=4: 10.70% (28056/262144 chunks) elapsed 690s, eta 5758s
  n=4: 11.10% (29100/262144 chunks) elapsed 720s, eta 5767s
  n=4: 11.57% (30329/262144 chunks) elapsed 750s, eta 5733s
  n=4: 12.04% (31554/262144 chunks) elapsed 780s, eta 5701s
  n=4: 12.49% (32737/262144 chunks) elapsed 810s, eta 5677s
  n=4: 12.98% (34034/262144 chunks) elapsed 840s, eta 5631s
  n=4: 13.45% (35270/262144 chunks) elapsed 870s, eta 5597s
  n=4: 13.92% (36500/262144 chunks) elapsed 900s, eta 5565s
  n=4: 14.46% (37903/262144 chunks) elapsed 930s, eta 5503s
  n=4: 14.94% (39158/262144 chunks) elapsed 960s, eta 5468s
  n=4: 15.44% (40469/262144 chunks) elapsed 990s, eta 5424s
  n=4: 15.99% (41918/262144 chunks) elapsed 1020s, eta 5360s
  n=4: 16.49% (43219/262144 chunks) elapsed 1050s, eta 5320s
  n=4: 17.20% (45099/262144 chunks) elapsed 1080s, eta 5199s
  n=4: 17.83% (46752/262144 chunks) elapsed 1110s, eta 5115s
  n=4: 18.58% (48700/262144 chunks) elapsed 1140s, eta 4997s
  n=4: 19.17% (50241/262144 chunks) elapsed 1170s, eta 4936s
  n=4: 19.91% (52203/262144 chunks) elapsed 1200s, eta 4827s
  n=4: 20.45% (53608/262144 chunks) elapsed 1230s, eta 4786s
  n=4: 21.11% (55348/262144 chunks) elapsed 1260s, eta 4709s
  n=4: 21.61% (56637/262144 chunks) elapsed 1290s, eta 4682s
  n=4: 22.22% (58248/262144 chunks) elapsed 1320s, eta 4622s
  n=4: 22.75% (59647/262144 chunks) elapsed 1350s, eta 4584s
  n=4: 23.37% (61252/262144 chunks) elapsed 1380s, eta 4527s
  n=4: 23.95% (62771/262144 chunks) elapsed 1410s, eta 4479s
  n=4: 24.56% (64394/262144 chunks) elapsed 1440s, eta 4423s
  n=4: 25.15% (65926/262144 chunks) elapsed 1470s, eta 4376s
  n=4: 25.72% (67417/262144 chunks) elapsed 1500s, eta 4334s
  n=4: 26.29% (68928/262144 chunks) elapsed 1530s, eta 4290s
  n=4: 26.84% (70369/262144 chunks) elapsed 1560s, eta 4252s
  n=4: 27.59% (72318/262144 chunks) elapsed 1590s, eta 4175s
  n=4: 28.23% (74002/262144 chunks) elapsed 1620s, eta 4120s
  n=4: 28.86% (75663/262144 chunks) elapsed 1650s, eta 4068s
  n=4: 29.53% (77417/262144 chunks) elapsed 1680s, eta 4010s
  n=4: 30.24% (79277/262144 chunks) elapsed 1710s, eta 3945s
  n=4: 30.96% (81149/262144 chunks) elapsed 1740s, eta 3882s
  n=4: 31.66% (82999/262144 chunks) elapsed 1770s, eta 3821s
  n=4: 32.33% (84742/262144 chunks) elapsed 1800s, eta 3769s
  n=4: 32.94% (86356/262144 chunks) elapsed 1830s, eta 3726s
  n=4: 33.57% (88006/262144 chunks) elapsed 1860s, eta 3681s
  n=4: 34.47% (90355/262144 chunks) elapsed 1890s, eta 3594s
  n=4: 35.22% (92340/262144 chunks) elapsed 1920s, eta 3532s
  n=4: 35.95% (94251/262144 chunks) elapsed 1950s, eta 3474s
  n=4: 36.54% (95784/262144 chunks) elapsed 1980s, eta 3440s
  n=4: 37.18% (97461/262144 chunks) elapsed 2010s, eta 3397s
  n=4: 37.74% (98938/262144 chunks) elapsed 2041s, eta 3366s
  n=4: 38.37% (100587/262144 chunks) elapsed 2071s, eta 3326s
  n=4: 38.94% (102084/262144 chunks) elapsed 2101s, eta 3293s
  n=4: 39.60% (103805/262144 chunks) elapsed 2131s, eta 3250s
  n=4: 40.28% (105580/262144 chunks) elapsed 2161s, eta 3204s
  n=4: 41.02% (107526/262144 chunks) elapsed 2191s, eta 3150s
  n=4: 41.94% (109935/262144 chunks) elapsed 2221s, eta 3074s
  n=4: 42.59% (111644/262144 chunks) elapsed 2251s, eta 3034s
  n=4: 43.26% (113399/262144 chunks) elapsed 2281s, eta 2991s
  n=4: 43.91% (115107/262144 chunks) elapsed 2311s, eta 2952s
  n=4: 44.58% (116862/262144 chunks) elapsed 2341s, eta 2910s
  n=4: 45.44% (119117/262144 chunks) elapsed 2371s, eta 2846s
  n=4: 46.41% (121651/262144 chunks) elapsed 2401s, eta 2772s
  n=4: 47.49% (124489/262144 chunks) elapsed 2431s, eta 2688s
  n=4: 48.80% (127931/262144 chunks) elapsed 2461s, eta 2581s
  n=4: 50.37% (132054/262144 chunks) elapsed 2491s, eta 2454s
  n=4: 51.48% (134956/262144 chunks) elapsed 2521s, eta 2376s
  n=4: 52.49% (137608/262144 chunks) elapsed 2551s, eta 2308s
  n=4: 53.13% (139283/262144 chunks) elapsed 2581s, eta 2276s
  n=4: 53.77% (140958/262144 chunks) elapsed 2611s, eta 2245s
  n=4: 54.41% (142641/262144 chunks) elapsed 2641s, eta 2212s
  n=4: 55.00% (144176/262144 chunks) elapsed 2671s, eta 2185s
  n=4: 55.53% (145569/262144 chunks) elapsed 2701s, eta 2163s
  n=4: 56.06% (146948/262144 chunks) elapsed 2731s, eta 2141s
  n=4: 56.55% (148241/262144 chunks) elapsed 2761s, eta 2121s
  n=4: 57.07% (149616/262144 chunks) elapsed 2791s, eta 2099s
  n=4: 57.64% (151092/262144 chunks) elapsed 2821s, eta 2073s
  n=4: 58.11% (152334/262144 chunks) elapsed 2851s, eta 2055s
  n=4: 58.75% (154006/262144 chunks) elapsed 2881s, eta 2023s
  n=4: 59.29% (155431/262144 chunks) elapsed 2911s, eta 1998s
  n=4: 59.96% (157180/262144 chunks) elapsed 2941s, eta 1964s
  n=4: 60.65% (158985/262144 chunks) elapsed 2971s, eta 1928s
  n=4: 61.31% (160726/262144 chunks) elapsed 3001s, eta 1894s
  n=4: 61.94% (162362/262144 chunks) elapsed 3031s, eta 1863s
  n=4: 62.81% (164660/262144 chunks) elapsed 3061s, eta 1812s
  n=4: 63.33% (166011/262144 chunks) elapsed 3091s, eta 1790s
  n=4: 63.82% (167313/262144 chunks) elapsed 3121s, eta 1769s
  n=4: 64.34% (168668/262144 chunks) elapsed 3151s, eta 1746s
  n=4: 64.88% (170090/262144 chunks) elapsed 3181s, eta 1722s
  n=4: 65.41% (171464/262144 chunks) elapsed 3211s, eta 1698s
  n=4: 65.96% (172910/262144 chunks) elapsed 3241s, eta 1673s
  n=4: 66.45% (174203/262144 chunks) elapsed 3271s, eta 1651s
  n=4: 66.99% (175617/262144 chunks) elapsed 3301s, eta 1626s
  n=4: 67.54% (177052/262144 chunks) elapsed 3331s, eta 1601s
  n=4: 68.07% (178440/262144 chunks) elapsed 3361s, eta 1577s
  n=4: 68.62% (179871/262144 chunks) elapsed 3391s, eta 1551s
  n=4: 69.16% (181293/262144 chunks) elapsed 3421s, eta 1526s
  n=4: 69.69% (182685/262144 chunks) elapsed 3451s, eta 1501s
  n=4: 70.19% (184002/262144 chunks) elapsed 3481s, eta 1478s
  n=4: 70.73% (185408/262144 chunks) elapsed 3511s, eta 1453s
  n=4: 71.25% (186786/262144 chunks) elapsed 3541s, eta 1429s
  n=4: 71.78% (188162/262144 chunks) elapsed 3571s, eta 1404s
  n=4: 72.34% (189645/262144 chunks) elapsed 3601s, eta 1377s
  n=4: 72.87% (191019/262144 chunks) elapsed 3631s, eta 1352s
  n=4: 73.41% (192441/262144 chunks) elapsed 3661s, eta 1326s
  n=4: 73.95% (193846/262144 chunks) elapsed 3691s, eta 1300s
  n=4: 74.46% (195186/262144 chunks) elapsed 3721s, eta 1276s
  n=4: 75.01% (196629/262144 chunks) elapsed 3751s, eta 1250s
  n=4: 75.55% (198050/262144 chunks) elapsed 3781s, eta 1224s
  n=4: 76.09% (199458/262144 chunks) elapsed 3811s, eta 1198s
  n=4: 76.65% (200944/262144 chunks) elapsed 3841s, eta 1170s
  n=4: 77.23% (202449/262144 chunks) elapsed 3871s, eta 1141s
  n=4: 77.74% (203803/262144 chunks) elapsed 3901s, eta 1117s
  n=4: 78.31% (205293/262144 chunks) elapsed 3931s, eta 1089s
  n=4: 78.84% (206665/262144 chunks) elapsed 3961s, eta 1063s
  n=4: 79.39% (208115/262144 chunks) elapsed 3991s, eta 1036s
  n=4: 79.94% (209558/262144 chunks) elapsed 4021s, eta 1009s
  n=4: 80.47% (210938/262144 chunks) elapsed 4051s, eta 983s
  n=4: 81.03% (212419/262144 chunks) elapsed 4081s, eta 955s
  n=4: 81.53% (213719/262144 chunks) elapsed 4111s, eta 932s
  n=4: 82.09% (215187/262144 chunks) elapsed 4141s, eta 904s
  n=4: 82.59% (216514/262144 chunks) elapsed 4171s, eta 879s
  n=4: 83.15% (217963/262144 chunks) elapsed 4201s, eta 852s
  n=4: 83.63% (219242/262144 chunks) elapsed 4231s, eta 828s
  n=4: 84.17% (220653/262144 chunks) elapsed 4261s, eta 801s
  n=4: 84.68% (221977/262144 chunks) elapsed 4291s, eta 777s
  n=4: 85.18% (223307/262144 chunks) elapsed 4321s, eta 752s
  n=4: 85.70% (224670/262144 chunks) elapsed 4351s, eta 726s
  n=4: 86.23% (226044/262144 chunks) elapsed 4381s, eta 700s
  n=4: 86.79% (227511/262144 chunks) elapsed 4411s, eta 672s
  n=4: 87.28% (228811/262144 chunks) elapsed 4441s, eta 647s
  n=4: 87.85% (230292/262144 chunks) elapsed 4471s, eta 618s
  n=4: 88.37% (231645/262144 chunks) elapsed 4501s, eta 593s
  n=4: 88.92% (233087/262144 chunks) elapsed 4531s, eta 565s
  n=4: 89.44% (234461/262144 chunks) elapsed 4561s, eta 539s
  n=4: 89.96% (235832/262144 chunks) elapsed 4591s, eta 512s
  n=4: 90.51% (237273/262144 chunks) elapsed 4621s, eta 484s
  n=4: 91.04% (238646/262144 chunks) elapsed 4651s, eta 458s
  n=4: 91.59% (240099/262144 chunks) elapsed 4681s, eta 430s
  n=4: 92.16% (241590/262144 chunks) elapsed 4711s, eta 401s
  n=4: 92.70% (243019/262144 chunks) elapsed 4741s, eta 373s
  n=4: 93.25% (244442/262144 chunks) elapsed 4771s, eta 346s
  n=4: 93.80% (245902/262144 chunks) elapsed 4801s, eta 317s
  n=4: 94.38% (247403/262144 chunks) elapsed 4831s, eta 288s
  n=4: 94.95% (248895/262144 chunks) elapsed 4861s, eta 259s
  n=4: 95.52% (250387/262144 chunks) elapsed 4891s, eta 230s
  n=4: 96.42% (252751/262144 chunks) elapsed 4921s, eta 183s
  n=4: 97.56% (255738/262144 chunks) elapsed 4951s, eta 124s
  n=4: 98.80% (259001/262144 chunks) elapsed 4981s, eta 60s
  n=4: 99.88% (261817/262144 chunks) elapsed 5011s, eta 6s
size <= 4:    13753982 refutations   (4294967296 tables, 178981952 canonical, 5015.45s, 8.56e5 tables/s)

178985292 of the swept tables separate at least one pair
every refuted pair agrees with the published implication graph
